I'm sorry, but errors were detected in your script. Please correct the
errors listed below, and try again.


File "game/argue.rpy", line 19: expected statement.
    puse 1.5aafaf
          ^

Ren'Py Version: Ren'Py 7.1.3.1092
Tue Dec 25 15:18:42 2018
